Fatal error: exception Failure("expected integer expression in "s"")
