Fatal error: exception Failure("illegal ternary operator lint ^ int @ lint in 3 ^ 5 @")
