Fatal error: exception Failure("Polynomials must have Lint coefficients and a Lint modulus")
