Fatal error: exception Failure("illegal argument lint expected int in 12")