Fatal error: exception Failure("cannot access type: int in i.x")
