Fatal error: exception Failure("illegal assignment lint = string in x = decode(67)")
