Fatal error: exception Failure("illegal argument int expected lint in 0")
