Fatal error: exception Failure("illegal assignment int = string in test = "hi"")
