Fatal error: exception Failure("points must have Lint coordinates")
