Fatal error: exception Failure("illegal unary operator !lint in !2394653278456834765")