Fatal error: exception Failure("illegal argument void expected lint in encode(x, "3")")
