Fatal error: exception Failure("illegal argument lint expected string in 34")
