Fatal error: exception Failure("invalid access element z in a.z")
