[10,10] & [(5,12) : 13]
[10,10] & [(5,12) : 13]
[10,10] & [(5,12) : 13]
