[1,2] & [(100,200) : 400]
[5,6] & [(500,600) : 700]
