Fatal error: exception Failure("points must have Lint coordinates and be defined under a Poly")

