HelloWorld
72101108108111087111114108100
HelloWorld
