123412341341231324132132412413241234123
246824682682462648264264824826482468246
15230605995324594183791325244759532281324681198513403879825706931500099579129