100000000000000000
300000000000000000
20000000000000000000000000000000000
100000000000000000
