Fatal error: exception Failure("illegal binary operator lint ^ lint in 21973469182365874353456 ^ 2")