59
386228593951045501005359438524419323443515
6098
