[550676558623444384489421342598247323651822623865,67199985943910549619115318268838008085818100907] & [(31768908125132550347631746413827693272746955927,48571406791775727346184082881005620597345426652) : 785963102379428822376694789446897396207498568951]
[735860879566964910225224402351346663393682918763,274371429065893264097565597624508409222200765399] & [(31768908125132550347631746413827693272746955927,48571406791775727346184082881005620597345426652) : 785963102379428822376694789446897396207498568951]
[735860879566964910225224402351346663393682918763,274371429065893264097565597624508409222200765399] & [(31768908125132550347631746413827693272746955927,48571406791775727346184082881005620597345426652) : 785963102379428822376694789446897396207498568951]
