[0l, 1l] & [(1l, 2l) : 2l]
[0l, 1l] & [(1l, 2l) : 2l]
