Fatal error: exception Failure("illegal binary operator int ` int in test1 ` test2")
