[0,5] & [(5,12) : 13]
[0,5] & [(5,12) : 13]
[0,5] & [(5,12) : 13]
