[2,11] & [(5,12) : 13]
[2,11] & [(5,12) : 13]
[2,11] & [(5,12) : 13]
[-1,-1] & [(5,12) : 13]
