Fatal error: exception Failure("illegal binary operator Point * Point in p1 * p1")
