[7,0] & [(5,12) : 13]
[7,0] & [(5,12) : 13]
[7,0] & [(5,12) : 13]
[7,0] & [(5,12) : 13]
